This is pdfTeX, Version 3.141592653-2.6-1.40.28 (MiKTeX 25.12) (preloaded format=pdflatex 2026.5.4)  11 JUN 2026 18:00
entering extended mode
 restricted \write18 enabled.
 file:line:error style messages enabled.
 %&-line parsing enabled.
**c:/Users/Nicolas/Documents/GitHub/PROJECT-GC/report/report.tex
(c:/Users/Nicolas/Documents/GitHub/PROJECT-GC/report/report.tex
LaTeX2e <2025-11-01>
L3 programming layer <2025-12-24>
(C:\Users\Nicolas\AppData\Local\Programs\MiKTeX\tex/latex/base\article.cls
Document Class: article 2025/01/22 v1.4n Standard LaTeX document class
(C:\Users\Nicolas\AppData\Local\Programs\MiKTeX\tex/latex/base\size11.clo
File: size11.clo 2025/01/22 v1.4n Standard LaTeX file (size option)
)
\c@part=\count275
\c@section=\count276
\c@subsection=\count277
\c@subsubsection=\count278
\c@paragraph=\count279
\c@subparagraph=\count280
\c@figure=\count281
\c@table=\count282
\abovecaptionskip=\skip49
\belowcaptionskip=\skip50
\bibindent=\dimen148
) (C:\Users\Nicolas\AppData\Local\Programs\MiKTeX\tex/latex/base\inputenc.sty
Package: inputenc 2024/02/08 v1.3d Input encoding file
\inpenc@prehook=\toks17
\inpenc@posthook=\toks18
) (C:\Users\Nicolas\AppData\Local\Programs\MiKTeX\tex/latex/base\fontenc.sty
Package: fontenc 2025/07/18 v2.1d Standard LaTeX package
) (C:\Users\Nicolas\AppData\Local\Programs\MiKTeX\tex/generic/babel\babel.sty
Package: babel 2025/12/11 v25.17 The multilingual framework for LuaLaTeX, pdfLaTeX and XeLaTeX
\babel@savecnt=\count283
LaTeX Encoding Info:    Redeclaring text command \ij (encoding OT1) on input line 2068.
LaTeX Encoding Info:    Redeclaring text command \IJ (encoding OT1) on input line 2070.
LaTeX Encoding Info:    Redeclaring text command \ij (encoding T1) on input line 2072.
LaTeX Encoding Info:    Redeclaring text command \IJ (encoding T1) on input line 2073.
LaTeX Encoding Info:    Ignoring declaration for text command \ij (encoding ?) on input line 2074.
LaTeX Encoding Info:    Ignoring declaration for text command \IJ (encoding ?) on input line 2076.
LaTeX Encoding Info:    Ignoring declaration for text command \SS (encoding ?) on input line 2101.
\U@D=\dimen149
\l@unhyphenated=\language79
 (C:\Users\Nicolas\AppData\Local\Programs\MiKTeX\tex/generic/babel\txtbabel.def)
\bbl@readstream=\read2
\bbl@dirlevel=\count284
Package babel Info: Configuration files are deprecated, as
(babel)             they can break document portability.
(babel)             Reported on input line 4196.

*************************************
* Local config file bblopts.cfg used
*
(C:\Users\Nicolas\AppData\Local\Programs\MiKTeX\tex/latex/arabi\bblopts.cfg
File: bblopts.cfg 2005/09/08 v0.1 add Arabic and Farsi to "declared" options of babel
) (C:\Users\Nicolas\AppData\Local\Programs\MiKTeX\tex/generic/babel/locale/en\babel-english.tex)
Package babel Info: Importing font and identification data for english
(babel)             from babel-en.ini. Reported on input line 4320.
 (C:\Users\Nicolas\AppData\Local\Programs\MiKTeX\tex/latex/babel-english\english.ldf
Language: english 2017/06/06 v3.3r English support from the babel system
Package babel Info: Hyphen rules for 'canadian' set to \l@english
(babel)             (\language0). Reported on input line 102.
Package babel Info: Hyphen rules for 'australian' set to \l@ukenglish
(babel)             (\language73). Reported on input line 105.
Package babel Info: Hyphen rules for 'newzealand' set to \l@ukenglish
(babel)             (\language73). Reported on input line 108.
)) (C:\Users\Nicolas\AppData\Local\Programs\MiKTeX\tex/latex/amsmath\amsmath.sty
Package: amsmath 2025/07/09 v2.17z AMS math features
\@mathmargin=\skip51

For additional information on amsmath, use the `?' option.
(C:\Users\Nicolas\AppData\Local\Programs\MiKTeX\tex/latex/amsmath\amstext.sty
Package: amstext 2024/11/17 v2.01 AMS text
 (C:\Users\Nicolas\AppData\Local\Programs\MiKTeX\tex/latex/amsmath\amsgen.sty
File: amsgen.sty 1999/11/30 v2.0 generic functions
\@emptytoks=\toks19
\ex@=\dimen150
)) (C:\Users\Nicolas\AppData\Local\Programs\MiKTeX\tex/latex/amsmath\amsbsy.sty
Package: amsbsy 1999/11/29 v1.2d Bold Symbols
\pmbraise@=\dimen151
) (C:\Users\Nicolas\AppData\Local\Programs\MiKTeX\tex/latex/amsmath\amsopn.sty
Package: amsopn 2022/04/08 v2.04 operator names
)
\inf@bad=\count285
LaTeX Info: Redefining \frac on input line 233.
\uproot@=\count286
\leftroot@=\count287
LaTeX Info: Redefining \overline on input line 398.
LaTeX Info: Redefining \colon on input line 409.
\classnum@=\count288
\DOTSCASE@=\count289
LaTeX Info: Redefining \ldots on input line 495.
LaTeX Info: Redefining \dots on input line 498.
LaTeX Info: Redefining \cdots on input line 619.
\Mathstrutbox@=\box53
\strutbox@=\box54
LaTeX Info: Redefining \big on input line 721.
LaTeX Info: Redefining \Big on input line 722.
LaTeX Info: Redefining \bigg on input line 723.
LaTeX Info: Redefining \Bigg on input line 724.
\big@size=\dimen152
LaTeX Font Info:    Redeclaring font encoding OML on input line 742.
LaTeX Font Info:    Redeclaring font encoding OMS on input line 743.
\macc@depth=\count290
LaTeX Info: Redefining \bmod on input line 904.
LaTeX Info: Redefining \pmod on input line 909.
LaTeX Info: Redefining \smash on input line 939.
LaTeX Info: Redefining \relbar on input line 969.
LaTeX Info: Redefining \Relbar on input line 970.
\c@MaxMatrixCols=\count291
\dotsspace@=\muskip17
\c@parentequation=\count292
\dspbrk@lvl=\count293
\tag@help=\toks20
\row@=\count294
\column@=\count295
\maxfields@=\count296
\andhelp@=\toks21
\eqnshift@=\dimen153
\alignsep@=\dimen154
\tagshift@=\dimen155
\tagwidth@=\dimen156
\totwidth@=\dimen157
\lineht@=\dimen158
\@envbody=\toks22
\multlinegap=\skip52
\multlinetaggap=\skip53
\mathdisplay@stack=\toks23
LaTeX Info: Redefining \[ on input line 2950.
LaTeX Info: Redefining \] on input line 2951.
) (C:\Users\Nicolas\AppData\Local\Programs\MiKTeX\tex/latex/amsfonts\amssymb.sty
Package: amssymb 2013/01/14 v3.01 AMS font symbols
 (C:\Users\Nicolas\AppData\Local\Programs\MiKTeX\tex/latex/amsfonts\amsfonts.sty
Package: amsfonts 2013/01/14 v3.01 Basic AMSFonts support
\symAMSa=\mathgroup4
\symAMSb=\mathgroup5
LaTeX Font Info:    Redeclaring math symbol \hbar on input line 98.
LaTeX Font Info:    Overwriting math alphabet `\mathfrak' in version `bold'
(Font)                  U/euf/m/n --> U/euf/b/n on input line 106.
)) (C:\Users\Nicolas\AppData\Local\Programs\MiKTeX\tex/latex/amscls\amsthm.sty
Package: amsthm 2020/05/29 v2.20.6
\thm@style=\toks24
\thm@bodyfont=\toks25
\thm@headfont=\toks26
\thm@notefont=\toks27
\thm@headpunct=\toks28
\thm@preskip=\skip54
\thm@postskip=\skip55
\thm@headsep=\skip56
\dth@everypar=\toks29
) (C:\Users\Nicolas\AppData\Local\Programs\MiKTeX\tex/latex/graphics\graphicx.sty
Package: graphicx 2024/12/31 v1.2e Enhanced LaTeX Graphics (DPC,SPQR)
 (C:\Users\Nicolas\AppData\Local\Programs\MiKTeX\tex/latex/graphics\keyval.sty
Package: keyval 2022/05/29 v1.15 key=value parser (DPC)
\KV@toks@=\toks30
) (C:\Users\Nicolas\AppData\Local\Programs\MiKTeX\tex/latex/graphics\graphics.sty
Package: graphics 2024/08/06 v1.4g Standard LaTeX Graphics (DPC,SPQR)
 (C:\Users\Nicolas\AppData\Local\Programs\MiKTeX\tex/latex/graphics\trig.sty
Package: trig 2023/12/02 v1.11 sin cos tan (DPC)
) (C:\Users\Nicolas\AppData\Local\Programs\MiKTeX\tex/latex/graphics-cfg\graphics.cfg
File: graphics.cfg 2016/06/04 v1.11 sample graphics configuration
)
Package graphics Info: Driver file: pdftex.def on input line 106.
 (C:\Users\Nicolas\AppData\Local\Programs\MiKTeX\tex/latex/graphics-def\pdftex.def
File: pdftex.def 2025/09/29 v1.2d Graphics/color driver for pdftex
))
\Gin@req@height=\dimen159
\Gin@req@width=\dimen160
) (C:\Users\Nicolas\AppData\Local\Programs\MiKTeX\tex/latex/caption\subcaption.sty
Package: subcaption 2023/07/28 v1.6b Sub-captions (AR)
 (C:\Users\Nicolas\AppData\Local\Programs\MiKTeX\tex/latex/caption\caption.sty
Package: caption 2023/08/05 v3.6o Customizing captions (AR)
 (C:\Users\Nicolas\AppData\Local\Programs\MiKTeX\tex/latex/caption\caption3.sty
Package: caption3 2023/07/31 v2.4d caption3 kernel (AR)
\caption@tempdima=\dimen161
\captionmargin=\dimen162
\caption@leftmargin=\dimen163
\caption@rightmargin=\dimen164
\caption@width=\dimen165
\caption@indent=\dimen166
\caption@parindent=\dimen167
\caption@hangindent=\dimen168
Package caption Info: Standard document class detected.
)
\c@caption@flags=\count297
\c@continuedfloat=\count298
)
Package caption Info: New subtype `subfigure' on input line 238.
\c@subfigure=\count299
Package caption Info: New subtype `subtable' on input line 238.
\c@subtable=\count300
) (C:\Users\Nicolas\AppData\Local\Programs\MiKTeX\tex/latex/booktabs\booktabs.sty
Package: booktabs 2020/01/12 v1.61803398 Publication quality tables
\heavyrulewidth=\dimen169
\lightrulewidth=\dimen170
\cmidrulewidth=\dimen171
\belowrulesep=\dimen172
\belowbottomsep=\dimen173
\aboverulesep=\dimen174
\abovetopsep=\dimen175
\cmidrulesep=\dimen176
\cmidrulekern=\dimen177
\defaultaddspace=\dimen178
\@cmidla=\count301
\@cmidlb=\count302
\@aboverulesep=\dimen179
\@belowrulesep=\dimen180
\@thisruleclass=\count303
\@lastruleclass=\count304
\@thisrulewidth=\dimen181
) (C:\Users\Nicolas\AppData\Local\Programs\MiKTeX\tex/latex/geometry\geometry.sty
Package: geometry 2026/03/07 v6.0 Page Geometry
 (C:\Users\Nicolas\AppData\Local\Programs\MiKTeX\tex/generic/iftex\ifvtex.sty
Package: ifvtex 2019/10/25 v1.7 ifvtex legacy package. Use iftex instead.
 (C:\Users\Nicolas\AppData\Local\Programs\MiKTeX\tex/generic/iftex\iftex.sty
Package: iftex 2024/12/12 v1.0g TeX engine tests
))
\Gm@cnth=\count305
\Gm@cntv=\count306
\c@Gm@tempcnt=\count307
\Gm@bindingoffset=\dimen182
\Gm@wd@mp=\dimen183
\Gm@odd@mp=\dimen184
\Gm@even@mp=\dimen185
\Gm@layoutwidth=\dimen186
\Gm@layoutheight=\dimen187
\Gm@layouthoffset=\dimen188
\Gm@layoutvoffset=\dimen189
\Gm@dimlist=\toks31
 (C:\Users\Nicolas\AppData\Local\Programs\MiKTeX\tex/latex/geometry\geometry.cfg)) (C:\Users\Nicolas\AppData\Local\Programs\MiKTeX\tex/latex/hyperref\hyperref.sty
Package: hyperref 2025-07-12 v7.01o Hypertext links for LaTeX
 (C:\Users\Nicolas\AppData\Local\Programs\MiKTeX\tex/latex/kvsetkeys\kvsetkeys.sty
Package: kvsetkeys 2022-10-05 v1.19 Key value parser (HO)
) (C:\Users\Nicolas\AppData\Local\Programs\MiKTeX\tex/generic/kvdefinekeys\kvdefinekeys.sty
Package: kvdefinekeys 2019-12-19 v1.6 Define keys (HO)
) (C:\Users\Nicolas\AppData\Local\Programs\MiKTeX\tex/generic/pdfescape\pdfescape.sty
Package: pdfescape 2019/12/09 v1.15 Implements pdfTeX's escape features (HO)
 (C:\Users\Nicolas\AppData\Local\Programs\MiKTeX\tex/generic/ltxcmds\ltxcmds.sty
Package: ltxcmds 2023-12-04 v1.26 LaTeX kernel commands for general use (HO)
) (C:\Users\Nicolas\AppData\Local\Programs\MiKTeX\tex/generic/pdftexcmds\pdftexcmds.sty
Package: pdftexcmds 2020-06-27 v0.33 Utility functions of pdfTeX for LuaTeX (HO)
 (C:\Users\Nicolas\AppData\Local\Programs\MiKTeX\tex/generic/infwarerr\infwarerr.sty
Package: infwarerr 2019/12/03 v1.5 Providing info/warning/error messages (HO)
)
Package pdftexcmds Info: \pdf@primitive is available.
Package pdftexcmds Info: \pdf@ifprimitive is available.
Package pdftexcmds Info: \pdfdraftmode found.
)) (C:\Users\Nicolas\AppData\Local\Programs\MiKTeX\tex/latex/hycolor\hycolor.sty
Package: hycolor 2020-01-27 v1.10 Color options for hyperref/bookmark (HO)
) (C:\Users\Nicolas\AppData\Local\Programs\MiKTeX\tex/latex/hyperref\nameref.sty
Package: nameref 2025-06-21 v2.57 Cross-referencing by name of section
 (C:\Users\Nicolas\AppData\Local\Programs\MiKTeX\tex/latex/refcount\refcount.sty
Package: refcount 2019/12/15 v3.6 Data extraction from label references (HO)
) (C:\Users\Nicolas\AppData\Local\Programs\MiKTeX\tex/generic/gettitlestring\gettitlestring.sty
Package: gettitlestring 2019/12/15 v1.6 Cleanup title references (HO)
 (C:\Users\Nicolas\AppData\Local\Programs\MiKTeX\tex/latex/kvoptions\kvoptions.sty
Package: kvoptions 2022-06-15 v3.15 Key value format for package options (HO)
))
\c@section@level=\count308
) (C:\Users\Nicolas\AppData\Local\Programs\MiKTeX\tex/latex/etoolbox\etoolbox.sty
Package: etoolbox 2025/10/02 v2.5m e-TeX tools for LaTeX (JAW)
\etb@tempcnta=\count309
) (C:\Users\Nicolas\AppData\Local\Programs\MiKTeX\tex/generic/stringenc\stringenc.sty
Package: stringenc 2019/11/29 v1.12 Convert strings between diff. encodings (HO)
)
\@linkdim=\dimen190
\Hy@linkcounter=\count310
\Hy@pagecounter=\count311
 (C:\Users\Nicolas\AppData\Local\Programs\MiKTeX\tex/latex/hyperref\pd1enc.def
File: pd1enc.def 2025-07-12 v7.01o Hyperref: PDFDocEncoding definition (HO)
Now handling font encoding PD1 ...
... no UTF-8 mapping file for font encoding PD1
) (C:\Users\Nicolas\AppData\Local\Programs\MiKTeX\tex/generic/intcalc\intcalc.sty
Package: intcalc 2019/12/15 v1.3 Expandable calculations with integers (HO)
)
\Hy@SavedSpaceFactor=\count312
 (C:\Users\Nicolas\AppData\Local\Programs\MiKTeX\tex/latex/hyperref\puenc.def
File: puenc.def 2025-07-12 v7.01o Hyperref: PDF Unicode definition (HO)
Now handling font encoding PU ...
... no UTF-8 mapping file for font encoding PU
)
Package hyperref Info: Hyper figures OFF on input line 4195.
Package hyperref Info: Link nesting OFF on input line 4200.
Package hyperref Info: Hyper index ON on input line 4203.
Package hyperref Info: Plain pages OFF on input line 4210.
Package hyperref Info: Backreferencing OFF on input line 4215.
Package hyperref Info: Implicit mode ON; LaTeX internals redefined.
Package hyperref Info: Bookmarks ON on input line 4462.
\c@Hy@tempcnt=\count313
 (C:\Users\Nicolas\AppData\Local\Programs\MiKTeX\tex/latex/url\url.sty
\Urlmuskip=\muskip18
Package: url 2013/09/16  ver 3.4  Verb mode for urls, etc.
)
LaTeX Info: Redefining \url on input line 4801.
\XeTeXLinkMargin=\dimen191
 (C:\Users\Nicolas\AppData\Local\Programs\MiKTeX\tex/generic/bitset\bitset.sty
Package: bitset 2019/12/09 v1.3 Handle bit-vector datatype (HO)
 (C:\Users\Nicolas\AppData\Local\Programs\MiKTeX\tex/generic/bigintcalc\bigintcalc.sty
Package: bigintcalc 2019/12/15 v1.5 Expandable calculations on big integers (HO)
))
\Fld@menulength=\count314
\Field@Width=\dimen192
\Fld@charsize=\dimen193
Package hyperref Info: Hyper figures OFF on input line 6078.
Package hyperref Info: Link nesting OFF on input line 6083.
Package hyperref Info: Hyper index ON on input line 6086.
Package hyperref Info: backreferencing OFF on input line 6093.
Package hyperref Info: Link coloring OFF on input line 6098.
Package hyperref Info: Link coloring with OCG OFF on input line 6103.
Package hyperref Info: PDF/A mode OFF on input line 6108.
\Hy@abspage=\count315
\c@Item=\count316
\c@Hfootnote=\count317
)
Package hyperref Info: Driver (autodetected): hpdftex.
 (C:\Users\Nicolas\AppData\Local\Programs\MiKTeX\tex/latex/hyperref\hpdftex.def
File: hpdftex.def 2025-07-12 v7.01o Hyperref driver for pdfTeX
\Fld@listcount=\count318
\c@bookmark@seq@number=\count319
 (C:\Users\Nicolas\AppData\Local\Programs\MiKTeX\tex/latex/rerunfilecheck\rerunfilecheck.sty
Package: rerunfilecheck 2025-06-21 v1.11 Rerun checks for auxiliary files (HO)
 (C:\Users\Nicolas\AppData\Local\Programs\MiKTeX\tex/generic/uniquecounter\uniquecounter.sty
Package: uniquecounter 2019/12/15 v1.4 Provide unlimited unique counter (HO)
)
Package uniquecounter Info: New unique counter `rerunfilecheck' on input line 284.
)
\Hy@SectionHShift=\skip57
) (C:\Users\Nicolas\AppData\Local\Programs\MiKTeX\tex/latex/cleveref\cleveref.sty
Package: cleveref 2018/03/27 v0.21.4 Intelligent cross-referencing
Package cleveref Info: `hyperref' support loaded on input line 2370.
LaTeX Info: Redefining \cref on input line 2370.
LaTeX Info: Redefining \Cref on input line 2370.
LaTeX Info: Redefining \crefrange on input line 2370.
LaTeX Info: Redefining \Crefrange on input line 2370.
LaTeX Info: Redefining \cpageref on input line 2370.
LaTeX Info: Redefining \Cpageref on input line 2370.
LaTeX Info: Redefining \cpagerefrange on input line 2370.
LaTeX Info: Redefining \Cpagerefrange on input line 2370.
LaTeX Info: Redefining \labelcref on input line 2370.
LaTeX Info: Redefining \labelcpageref on input line 2370.
Package cleveref Info: `amsthm' support loaded on input line 3026.
)
==> First Aid for cleveref.sty applied!
(C:\Users\Nicolas\AppData\Local\Programs\MiKTeX\tex/latex/float\float.sty
Package: float 2001/11/08 v1.3d Float enhancements (AL)
\c@float@type=\count320
\float@exts=\toks32
\float@box=\box55
\@float@everytoks=\toks33
\@floatcapt=\box56
) (C:\Users\Nicolas\AppData\Local\Programs\MiKTeX\tex/latex/siunitx\siunitx.sty
Package: siunitx 2026-04-15 v3.5.4 A comprehensive (SI) units package
\l__siunitx_number_uncert_offset_int=\count321
\l__siunitx_number_exponent_fixed_int=\count322
\l__siunitx_number_min_decimal_int=\count323
\l__siunitx_number_min_integer_int=\count324
\l__siunitx_number_round_precision_int=\count325
\l__siunitx_number_lower_threshold_int=\count326
\l__siunitx_number_upper_threshold_int=\count327
\l__siunitx_number_group_first_int=\count328
\l__siunitx_number_group_size_int=\count329
\l__siunitx_number_group_min_int=\count330
\l__siunitx_number_group_minimum_int=\count331
\l__siunitx_compound_count_int=\count332
 (C:\Users\Nicolas\AppData\Local\Programs\MiKTeX\tex/latex/translations\translations.sty
Package: translations 2022/02/05 v1.12 internationalization of LaTeX2e packages (CN)
)
\l__siunitx_table_tmp_box=\box57
\l__siunitx_table_tmp_dim=\dimen194
\l__siunitx_table_column_width_dim=\dimen195
\l__siunitx_table_integer_box=\box58
\l__siunitx_table_decimal_box=\box59
\l__siunitx_table_uncert_box=\box60
\l__siunitx_table_before_box=\box61
\l__siunitx_table_after_box=\box62
\l__siunitx_table_before_dim=\dimen196
\l__siunitx_table_carry_dim=\dimen197
\l__siunitx_unit_tmp_int=\count333
\l__siunitx_unit_position_int=\count334
\l__siunitx_unit_total_int=\count335
\l__siunitx_sexagesimal_tmp_dim=\dimen198
\l__siunitx_sexagesimal_marker_box=\box63
\l__siunitx_sexagesimal_unit_box=\box64
 (C:\Users\Nicolas\AppData\Local\Programs\MiKTeX\tex/latex/tools\array.sty
Package: array 2025/09/25 v2.6n Tabular extension package (FMi)
\col@sep=\dimen199
\ar@mcellbox=\box65
\extrarowheight=\dimen256
\NC@list=\toks34
\extratabsurround=\skip58
\backup@length=\skip59
\ar@cellbox=\box66
)) (C:\Users\Nicolas\AppData\Local\Programs\MiKTeX\tex/latex/xcolor\xcolor.sty
Package: xcolor 2024/09/29 v3.02 LaTeX color extensions (UK)
 (C:\Users\Nicolas\AppData\Local\Programs\MiKTeX\tex/latex/graphics-cfg\color.cfg
File: color.cfg 2016/01/02 v1.6 sample color configuration
)
Package xcolor Info: Driver file: pdftex.def on input line 274.
 (C:\Users\Nicolas\AppData\Local\Programs\MiKTeX\tex/latex/graphics\mathcolor.ltx)
Package xcolor Info: Model `cmy' substituted by `cmy0' on input line 1349.
Package xcolor Info: Model `hsb' substituted by `rgb' on input line 1353.
Package xcolor Info: Model `RGB' extended on input line 1365.
Package xcolor Info: Model `HTML' substituted by `rgb' on input line 1367.
Package xcolor Info: Model `Hsb' substituted by `hsb' on input line 1368.
Package xcolor Info: Model `tHsb' substituted by `hsb' on input line 1369.
Package xcolor Info: Model `HSB' substituted by `hsb' on input line 1370.
Package xcolor Info: Model `Gray' substituted by `gray' on input line 1371.
Package xcolor Info: Model `wave' substituted by `hsb' on input line 1372.
) (C:\Users\Nicolas\AppData\Local\Programs\MiKTeX\tex/latex/l3backend\l3backend-pdftex.def
File: l3backend-pdftex.def 2025-10-09 L3 backend support: PDF output (pdfTeX)
\l__color_backend_stack_int=\count336
) (report.aux)
\openout1 = `report.aux'.

LaTeX Font Info:    Checking defaults for OML/cmm/m/it on input line 27.
LaTeX Font Info:    ... okay on input line 27.
LaTeX Font Info:    Checking defaults for OMS/cmsy/m/n on input line 27.
LaTeX Font Info:    ... okay on input line 27.
LaTeX Font Info:    Checking defaults for OT1/cmr/m/n on input line 27.
LaTeX Font Info:    ... okay on input line 27.
LaTeX Font Info:    Checking defaults for T1/cmr/m/n on input line 27.
LaTeX Font Info:    ... okay on input line 27.
LaTeX Font Info:    Checking defaults for TS1/cmr/m/n on input line 27.
LaTeX Font Info:    ... okay on input line 27.
LaTeX Font Info:    Checking defaults for OMX/cmex/m/n on input line 27.
LaTeX Font Info:    ... okay on input line 27.
LaTeX Font Info:    Checking defaults for U/cmr/m/n on input line 27.
LaTeX Font Info:    ... okay on input line 27.
LaTeX Font Info:    Checking defaults for PD1/pdf/m/n on input line 27.
LaTeX Font Info:    ... okay on input line 27.
LaTeX Font Info:    Checking defaults for PU/pdf/m/n on input line 27.
LaTeX Font Info:    ... okay on input line 27.
 (C:\Users\Nicolas\AppData\Local\Programs\MiKTeX\tex/context/base/mkii\supp-pdf.mkii
[Loading MPS to PDF converter (version 2006.09.02).]
\scratchcounter=\count337
\scratchdimen=\dimen257
\scratchbox=\box67
\nofMPsegments=\count338
\nofMParguments=\count339
\everyMPshowfont=\toks35
\MPscratchCnt=\count340
\MPscratchDim=\dimen258
\MPnumerator=\count341
\makeMPintoPDFobject=\count342
\everyMPtoPDFconversion=\toks36
) (C:\Users\Nicolas\AppData\Local\Programs\MiKTeX\tex/latex/epstopdf-pkg\epstopdf-base.sty
Package: epstopdf-base 2020-01-24 v2.11 Base part for package epstopdf
Package epstopdf-base Info: Redefining graphics rule for `.eps' on input line 485.
 (C:\Users\Nicolas\AppData\Local\Programs\MiKTeX\tex/latex/00miktex\epstopdf-sys.cfg
File: epstopdf-sys.cfg 2021/03/18 v2.0 Configuration of epstopdf for MiKTeX
))
Package caption Info: Begin \AtBeginDocument code.
Package caption Info: float package is loaded.
Package caption Info: hyperref package is loaded.
Package caption Info: End \AtBeginDocument code.

*geometry* driver: auto-detecting
*geometry* detected driver: pdftex
*geometry* verbose mode - [ preamble ] result:
* driver: pdftex
* paper: a4paper
* layout: <same size as paper>
* layoutoffset:(h,v)=(0.0pt,0.0pt)
* modes: 
* h-part:(L,W,R)=(71.13188pt, 455.24411pt, 71.13188pt)
* v-part:(T,H,B)=(71.13188pt, 702.78308pt, 71.13188pt)
* \paperwidth=597.50787pt
* \paperheight=845.04684pt
* \textwidth=455.24411pt
* \textheight=702.78308pt
* \oddsidemargin=-1.1381pt
* \evensidemargin=-1.1381pt
* \topmargin=-38.1381pt
* \headheight=12.0pt
* \headsep=25.0pt
* \topskip=11.0pt
* \footskip=30.0pt
* \marginparwidth=50.0pt
* \marginparsep=10.0pt
* \columnsep=10.0pt
* \skip\footins=10.0pt plus 4.0pt minus 2.0pt
* \hoffset=0.0pt
* \voffset=0.0pt
* \mag=1000
* \@twocolumnfalse
* \@twosidefalse
* \@mparswitchfalse
* \@reversemarginfalse
* (1in=72.27pt=25.4mm, 1cm=28.453pt)

Package hyperref Info: Link coloring OFF on input line 27.
\@outlinefile=\write3
\openout3 = `report.out'.

(C:\Users\Nicolas\AppData\Local\Programs\MiKTeX\tex/latex/translations/dicts\translations-basic-dictionary-english.trsl
File: translations-basic-dictionary-english.trsl (english translation file `translations-basic-dictionary')
)
Package translations Info: loading dictionary `translations-basic-dictionary' for `english'. on input line 27.
LaTeX Font Info:    Trying to load font information for U+msa on input line 29.
 (C:\Users\Nicolas\AppData\Local\Programs\MiKTeX\tex/latex/amsfonts\umsa.fd
File: umsa.fd 2013/01/14 v3.01 AMS symbols A
)
LaTeX Font Info:    Trying to load font information for U+msb on input line 29.
 (C:\Users\Nicolas\AppData\Local\Programs\MiKTeX\tex/latex/amsfonts\umsb.fd
File: umsb.fd 2013/01/14 v3.01 AMS symbols B
)
No file report.toc.
\tf@toc=\write4
\openout4 = `report.toc'.

[1

{C:/Users/Nicolas/AppData/Local/MiKTeX/fonts/map/pdftex/pdftex.map}]
LaTeX Font Info:    Font shape `T1/cmtt/bx/n' in size <10.95> not available
(Font)              Font shape `T1/cmtt/m/n' tried instead on input line 76.


LaTeX Warning: Reference `sec:data:nan' on page 2 undefined on input line 87.


LaTeX Warning: Reference `sec:methods:percolation' on page 2 undefined on input line 94.


LaTeX Warning: Reference `eq:pred_speed' on page 2 undefined on input line 103.


LaTeX Warning: Reference `sec:methods:clustering' on page 2 undefined on input line 105.


LaTeX Warning: Reference `sec:methods:percolation' on page 2 undefined on input line 107.

[2]

LaTeX Warning: Reference `fig:congestion_share' on page 3 undefined on input line 126.


LaTeX Warning: Reference `sec:data:stats:time' on page 3 undefined on input line 134.


LaTeX Warning: Reference `sec:methods:percolation' on page 3 undefined on input line 144.

<../figure/analysis/spacetime/network_congestion_share.png, id=40, 715.11165pt x 281.853pt>
File: ../figure/analysis/spacetime/network_congestion_share.png Graphic file (type png)
<use ../figure/analysis/spacetime/network_congestion_share.png>
Package pdftex.def Info: ../figure/analysis/spacetime/network_congestion_share.png  used on input line 149.
(pdftex.def)             Requested size: 418.82375pt x 165.07472pt.

Overfull \hbox (11.32803pt too wide) in paragraph at lines 166--177
\T1/cmr/m/n/10.95 A miss-ing value (NaN) in the speed ma-trix arises when the ag-gre-gate ve-hi-cle travel time $[][]\OT1/cmr/m/n/10.95 (\OML/cmm/m/it/10.95 t\OT1/cmr/m/n/10.95 ) =
 []

[3 <../figure/analysis/spacetime/network_congestion_share.png>]

LaTeX Warning: Reference `fig:data_reliability' on page 4 undefined on input line 180.


LaTeX Warning: Reference `fig:data_reliability' on page 4 undefined on input line 193.


LaTeX Warning: Reference `fig:nan_distribution' on page 4 undefined on input line 206.


LaTeX Warning: Reference `fig:nan_spatial' on page 4 undefined on input line 217.

<../figure/analysis/data_reliability_map.png, id=55, 1148.3703pt x 499.3857pt>
File: ../figure/analysis/data_reliability_map.png Graphic file (type png)
<use ../figure/analysis/data_reliability_map.png>
Package pdftex.def Info: ../figure/analysis/data_reliability_map.png  used on input line 225.
(pdftex.def)             Requested size: 455.24411pt x 197.96765pt.
[4]
<../figure/analysis/nan_distribution.png, id=60, 515.1245pt x 295.9055pt>
File: ../figure/analysis/nan_distribution.png Graphic file (type png)
<use ../figure/analysis/nan_distribution.png>
Package pdftex.def Info: ../figure/analysis/nan_distribution.png  used on input line 238.
(pdftex.def)             Requested size: 264.0424pt x 151.68188pt.
<../figure/analysis/nan_spatial_clustering.png, id=61, 330.836pt x 338.063pt>
File: ../figure/analysis/nan_spatial_clustering.png Graphic file (type png)
<use ../figure/analysis/nan_spatial_clustering.png>
Package pdftex.def Info: ../figure/analysis/nan_spatial_clustering.png  used on input line 248.
(pdftex.def)             Requested size: 172.99498pt x 176.77386pt.
 [5 <../figure/analysis/data_reliability_map.png> <../figure/analysis/nan_distribution.png> <../figure/analysis/nan_spatial_clustering.png>] [6]

LaTeX Warning: Reference `fig:avg_speed_map' on page 7 undefined on input line 349.


LaTeX Warning: Reference `sec:data:stats:time' on page 7 undefined on input line 380.

<../figure/analysis/avg_speed_map.png, id=84, 422.0568pt x 281.56392pt>
File: ../figure/analysis/avg_speed_map.png Graphic file (type png)
<use ../figure/analysis/avg_speed_map.png>
Package pdftex.def Info: ../figure/analysis/avg_speed_map.png  used on input line 384.
(pdftex.def)             Requested size: 400.61703pt x 267.27367pt.

LaTeX Warning: Reference `sec:data:nan:policy' on page 7 undefined on input line 389.


LaTeX Warning: Reference `sec:data:nan:policy' on page 7 undefined on input line 389.

[7]

LaTeX Warning: Reference `fig:network_speed_time' on page 8 undefined on input line 396.


LaTeX Warning: Reference `sec:methods' on page 8 undefined on input line 430.

<../figure/analysis/network_speed_vs_time.png, id=93, 602.0091pt x 296.66835pt>
File: ../figure/analysis/network_speed_vs_time.png Graphic file (type png)
<use ../figure/analysis/network_speed_vs_time.png>
Package pdftex.def Info: ../figure/analysis/network_speed_vs_time.png  used on input line 434.
(pdftex.def)             Requested size: 418.82375pt x 206.3944pt.
[8 <../figure/analysis/avg_speed_map.png>]

LaTeX Warning: Reference `fig:slowest_20' on page 9 undefined on input line 446.


LaTeX Warning: Reference `sec:methods:bottlenecks' on page 9 undefined on input line 466.

<../figure/analysis/slowest_20_segments.png, id=104, 445.76135pt x 289.36908pt>
File: ../figure/analysis/slowest_20_segments.png Graphic file (type png)
<use ../figure/analysis/slowest_20_segments.png>
Package pdftex.def Info: ../figure/analysis/slowest_20_segments.png  used on input line 474.
(pdftex.def)             Requested size: 400.61703pt x 260.06769pt.
[9 <../figure/analysis/network_speed_vs_time.png>] [10 <../figure/analysis/slowest_20_segments.png>]

LaTeX Warning: Reference `sec:methods:bottlenecks' on page 11 undefined on input line 536.


LaTeX Warning: Reference `sec:data:stats:avgmap' on page 11 undefined on input line 538.


LaTeX Warning: Reference `sec:methods:merge' on page 11 undefined on input line 577.


LaTeX Warning: Reference `sec:methods:clustering' on page 11 undefined on input line 587.

[11]

LaTeX Warning: Reference `sec:data:nan' on page 12 undefined on input line 621.


LaTeX Warning: Reference `sec:methods:bfs' on page 12 undefined on input line 626.


LaTeX Warning: Reference `sec:methods:percolation' on page 12 undefined on input line 629.


LaTeX Warning: Reference `eq:cell_state' on page 12 undefined on input line 630.


LaTeX Warning: Reference `sec:methods:gridkmeans' on page 12 undefined on input line 632.

c:/Users/Nicolas/Documents/GitHub/PROJECT-GC/report/report.tex:656: Undefined control sequence.
l.656 \citeauthor
                 {li2015percolation}~\cite{li2015percolation}.
The control sequence at the end of the top line
of your error message was never \def'ed. If you have
misspelled it (e.g., `\hobx'), type `I' and the correct
spelling (e.g., `I\hbox'). Otherwise just continue,
and I'll forget about whatever was undefined.


LaTeX Warning: Citation `li2015percolation' on page 12 undefined on input line 656.

[12]

LaTeX Warning: Reference `fig:percolation_transition' on page 13 undefined on input line 730.

<../figure/percolation_transition.png, id=147, 462.528pt x 346.896pt>
File: ../figure/percolation_transition.png Graphic file (type png)
<use ../figure/percolation_transition.png>
Package pdftex.def Info: ../figure/percolation_transition.png  used on input line 734.
(pdftex.def)             Requested size: 327.7763pt x 245.84265pt.
[13]

LaTeX Warning: Reference `sec:methods:congmaps' on page 14 undefined on input line 764.


LaTeX Warning: Reference `fig:percolation_bottlenecks' on page 14 undefined on input line 774.

<../figure/percolation_bottlenecks.png, id=156, 434.77632pt x 293.12712pt>
File: ../figure/percolation_bottlenecks.png Graphic file (type png)
<use ../figure/percolation_bottlenecks.png>
Package pdftex.def Info: ../figure/percolation_bottlenecks.png  used on input line 779.
(pdftex.def)             Requested size: 400.61703pt x 270.10959pt.
[14 <../figure/percolation_transition.png>]

LaTeX Warning: Reference `fig:graph_search_norm' on page 15 undefined on input line 811.

<../figure/graph_search/norm_q0.52/merged_graph_search_analysis.png, id=165, 1083.68864pt x 1117.65555pt>
File: ../figure/graph_search/norm_q0.52/merged_graph_search_analysis.png Graphic file (type png)
<use ../figure/graph_search/norm_q0.52/merged_graph_search_analysis.png>
Package pdftex.def Info: ../figure/graph_search/norm_q0.52/merged_graph_search_analysis.png  used on input line 821.
(pdftex.def)             Requested size: 455.24411pt x 469.51447pt.
[15 <../figure/percolation_bottlenecks.png>]

LaTeX Warning: Reference `fig:graph_search_raw' on page 16 undefined on input line 837.

<../figure/graph_search/raw_q2/merged_graph_search_analysis.png, id=174, 1088.02486pt x 1117.65555pt>
File: ../figure/graph_search/raw_q2/merged_graph_search_analysis.png Graphic file (type png)
<use ../figure/graph_search/raw_q2/merged_graph_search_analysis.png>
Package pdftex.def Info: ../figure/graph_search/raw_q2/merged_graph_search_analysis.png  used on input line 844.
(pdftex.def)             Requested size: 455.24411pt x 467.63852pt.

LaTeX Warning: Reference `fig:graph_search_norm' on page 16 undefined on input line 848.


LaTeX Warning: Reference `fig:graph_search_norm' on page 16 undefined on input line 848.

[16 <../figure/graph_search/norm_q0.52/merged_graph_search_analysis.png>]

LaTeX Warning: Reference `tab:merge_metrics' on page 17 undefined on input line 852.


Overfull \hbox (1.27385pt too wide) in paragraph at lines 852--856
[]\T1/cmr/m/n/10.95 Table [] re-ports the three eval-u-a-tion met-rics for Ap-proach 1 at the 15 rep-re-sen-ta-tive timesteps
 []

[17 <../figure/graph_search/raw_q2/merged_graph_search_analysis.png>]

Package hyperref Warning: Token not allowed in a PDF string (Unicode):
(hyperref)                removing `math shift' on input line 925.


Package hyperref Warning: Token not allowed in a PDF string (Unicode):
(hyperref)                removing `math shift' on input line 925.


Package hyperref Warning: Token not allowed in a PDF string (Unicode):
(hyperref)                removing `math shift' on input line 925.


Package hyperref Warning: Token not allowed in a PDF string (Unicode):
(hyperref)                removing `math shift' on input line 925.


LaTeX Warning: Reference `sec:methods:results_km' on page 18 undefined on input line 940.


LaTeX Warning: Reference `fig:grid_kmeans_maps' on page 18 undefined on input line 945.

<../figure/clustering/grid_clusters/grid_kmeans5_qc0.520.png, id=187, 414.8298pt x 270.57887pt>
File: ../figure/clustering/grid_clusters/grid_kmeans5_qc0.520.png Graphic file (type png)
<use ../figure/clustering/grid_clusters/grid_kmeans5_qc0.520.png>
Package pdftex.def Info: ../figure/clustering/grid_clusters/grid_kmeans5_qc0.520.png  used on input line 951.
(pdftex.def)             Requested size: 218.51521pt x 142.5267pt.
<../figure/clustering/grid_clusters/grid_kmeans9_qc0.520.png, id=188, 414.8298pt x 270.57887pt>
File: ../figure/clustering/grid_clusters/grid_kmeans9_qc0.520.png Graphic file (type png)
<use ../figure/clustering/grid_clusters/grid_kmeans9_qc0.520.png>
Package pdftex.def Info: ../figure/clustering/grid_clusters/grid_kmeans9_qc0.520.png  used on input line 956.
(pdftex.def)             Requested size: 218.51521pt x 142.5267pt.
[18]

LaTeX Warning: Reference `fig:grid_kmeans_speed' on page 19 undefined on input line 967.

<../figure/clustering/grid_clusters/grid_kmeans5_qc0.520_median.png, id=200, 715.473pt x 281.853pt>
File: ../figure/clustering/grid_clusters/grid_kmeans5_qc0.520_median.png Graphic file (type png)
<use ../figure/clustering/grid_clusters/grid_kmeans5_qc0.520_median.png>
Package pdftex.def Info: ../figure/clustering/grid_clusters/grid_kmeans5_qc0.520_median.png  used on input line 972.
(pdftex.def)             Requested size: 455.24411pt x 179.33592pt.

LaTeX Warning: Reference `tab:km_metrics' on page 19 undefined on input line 982.


Overfull \hbox (1.27385pt too wide) in paragraph at lines 982--985
[]\T1/cmr/m/n/10.95 Table [] re-ports the three eval-u-a-tion met-rics for Ap-proach 2 at the 15 rep-re-sen-ta-tive timesteps
 []

[19 <../figure/clustering/grid_clusters/grid_kmeans5_qc0.520.png> <../figure/clustering/grid_clusters/grid_kmeans9_qc0.520.png> <../figure/clustering/grid_clusters/grid_kmeans5_qc0.520_median.png>]

LaTeX Warning: Reference `fig:compare_methods' on page 20 undefined on input line 1024.

<../figure/congestion_maps/compare_methods_t15.png, id=212, 798.43896pt x 336.20004pt>
File: ../figure/congestion_maps/compare_methods_t15.png Graphic file (type png)
<use ../figure/congestion_maps/compare_methods_t15.png>
Package pdftex.def Info: ../figure/congestion_maps/compare_methods_t15.png  used on input line 1032.
(pdftex.def)             Requested size: 455.24411pt x 191.69756pt.

LaTeX Warning: Reference `tab:comparison' on page 20 undefined on input line 1044.


LaTeX Warning: Reference `fig:graph_search_norm' on page 20 undefined on input line 1049.


LaTeX Warning: Reference `fig:grid_kmeans_maps' on page 20 undefined on input line 1049.

[20 <../figure/congestion_maps/compare_methods_t15.png>] (report.bbl [21]) [22] (report.aux)
 ***********
LaTeX2e <2025-11-01>
L3 programming layer <2025-12-24>
 ***********


LaTeX Warning: There were undefined references.


LaTeX Warning: Label(s) may have changed. Rerun to get cross-references right.


Package rerunfilecheck Warning: File `report.out' has changed.
(rerunfilecheck)                Rerun to get outlines right
(rerunfilecheck)                or use package `bookmark'.

Package rerunfilecheck Info: Checksums for `report.out':
(rerunfilecheck)             Before: <no file>
(rerunfilecheck)             After:  576BF929BCBF2C46C090ECD40EEC4147;10125.
 ) 
Here is how much of TeX's memory you used:
 19609 strings out of 467871
 392396 string characters out of 5417409
 778019 words of memory out of 5000000
 48155 multiletter control sequences out of 15000+600000
 647911 words of font info for 94 fonts, out of 8000000 for 9000
 1141 hyphenation exceptions out of 8191
 75i,11n,79p,943b,1161s stack positions out of 10000i,1000n,20000p,200000b,200000s
 <C:\Users\Nicolas\AppData\Local\MiKTeX\fonts/pk/ljfour/jknappen/ec/dpi600\ecrm1000.pk> <C:\Users\Nicolas\AppData\Local\MiKTeX\fonts/pk/ljfour/jknappen/ec/dpi600\tcrm1095.pk> <C:\Users\Nicolas\AppData\Local\MiKTeX\fonts/pk/ljfour/jknappen/ec/dpi600\ectt1095.pk> <C:\Users\Nicolas\AppData\Local\MiKTeX\fonts/pk/ljfour/jknappen/ec/dpi600\ecbx1095.pk> <C:\Users\Nicolas\AppData\Local\MiKTeX\fonts/pk/ljfour/jknappen/ec/dpi600\ecti1095.pk> <C:\Users\Nicolas\AppData\Local\MiKTeX\fonts/pk/ljfour/jknappen/ec/dpi600\ecbx1200.pk> <C:\Users\Nicolas\AppData\Local\MiKTeX\fonts/pk/ljfour/jknappen/ec/dpi600\ecrm1095.pk> <C:\Users\Nicolas\AppData\Local\MiKTeX\fonts/pk/ljfour/jknappen/ec/dpi600\ecbx1440.pk> <C:\Users\Nicolas\AppData\Local\MiKTeX\fonts/pk/ljfour/jknappen/ec/dpi600\ecbx1000.pk> <C:\Users\Nicolas\AppData\Local\MiKTeX\fonts/pk/ljfour/jknappen/ec/dpi600\ecrm1200.pk> <C:\Users\Nicolas\AppData\Local\MiKTeX\fonts/pk/ljfour/jknappen/ec/dpi600\ecrm1728.pk><C:/Users/Nicolas/AppData/Local/Programs/MiKTeX/fonts/type1/public/amsfonts/cm/cmbx10.pfb><C:/Users/Nicolas/AppData/Local/Programs/MiKTeX/fonts/type1/public/amsfonts/cm/cmex10.pfb><C:/Users/Nicolas/AppData/Local/Programs/MiKTeX/fonts/type1/public/amsfonts/cm/cmmi10.pfb><C:/Users/Nicolas/AppData/Local/Programs/MiKTeX/fonts/type1/public/amsfonts/cm/cmmi6.pfb><C:/Users/Nicolas/AppData/Local/Programs/MiKTeX/fonts/type1/public/amsfonts/cm/cmmi7.pfb><C:/Users/Nicolas/AppData/Local/Programs/MiKTeX/fonts/type1/public/amsfonts/cm/cmmi8.pfb><C:/Users/Nicolas/AppData/Local/Programs/MiKTeX/fonts/type1/public/amsfonts/cm/cmr10.pfb><C:/Users/Nicolas/AppData/Local/Programs/MiKTeX/fonts/type1/public/amsfonts/cm/cmr7.pfb><C:/Users/Nicolas/AppData/Local/Programs/MiKTeX/fonts/type1/public/amsfonts/cm/cmr8.pfb><C:/Users/Nicolas/AppData/Local/Programs/MiKTeX/fonts/type1/public/amsfonts/cm/cmsy10.pfb><C:/Users/Nicolas/AppData/Local/Programs/MiKTeX/fonts/type1/public/amsfonts/cm/cmsy8.pfb>
Output written on report.pdf (22 pages, 5070186 bytes).
PDF statistics:
 777 PDF objects out of 1000 (max. 8388607)
 131 named destinations out of 1000 (max. 500000)
 76 words of extra memory for PDF output out of 10000 (max. 10000000)

